2024-05-08 12:40:54 DEBUG com.zaxxer.hikari.pool.HikariPool - HikariPool-1 - Pool stats (total=10, active=0, idle=10, waiting=0)
2024-05-08 12:40:54 DEBUG com.zaxxer.hikari.pool.HikariPool - HikariPool-1 - Fill pool skipped, pool has sufficient level or currently being filled (queueDepth=0).
2024-05-08 12:40:59 DEBUG o.s.o.j.SharedEntityManagerCreator$SharedEntityManagerInvocationHandler - Creating new EntityManager for shared EntityManager invocation
2024-05-08 12:40:59 DEBUG org.hibernate.orm.sql.ast.create - Created new SQL alias : a1_0
2024-05-08 12:40:59 DEBUG org.hibernate.orm.sql.ast.create - Registration of TableGroup [StandardTableGroup(com.hrm.models.Attendance(1105108983166400))] with identifierForTableGroup [com.hrm.models.Attendance] for NavigablePath [com.hrm.models.Attendance] 
2024-05-08 12:40:59 DEBUG o.h.q.s.sql.BaseSqmToSqlAstConverter - Determining mapping-model type for SqmParameter : org.hibernate.query.sqm.tree.expression.SqmJpaCriteriaParameterWrapper@73c48ec0
2024-05-08 12:40:59 DEBUG o.h.q.s.sql.BaseSqmToSqlAstConverter - Determining mapping-model type for SqmPath : SqmBasicValuedSimplePath(com.hrm.models.Attendance(1105108983166400).date) 
2024-05-08 12:40:59 DEBUG org.hibernate.orm.results.graph.AST - DomainResult Graph:
 \-EntityResultImpl [com.hrm.models.Attendance(1105108983166400)]
 |  +-BasicFetch [com.hrm.models.Attendance(1105108983166400).appliedHrsForBilling]
 |  +-BasicFetch [com.hrm.models.Attendance(1105108983166400).approvedHrsForBilling]
 |  +-BasicFetch [com.hrm.models.Attendance(1105108983166400).attendanceStatus]
 |  +-BasicFetch [com.hrm.models.Attendance(1105108983166400).date]
 |  +-BasicFetch [com.hrm.models.Attendance(1105108983166400).employeeId]
 |  +-BasicFetch [com.hrm.models.Attendance(1105108983166400).endDate]
 |  +-BasicFetch [com.hrm.models.Attendance(1105108983166400).half1]
 |  +-BasicFetch [com.hrm.models.Attendance(1105108983166400).half2]
 |  +-BasicFetch [com.hrm.models.Attendance(1105108983166400).inTime]
 |  +-BasicFetch [com.hrm.models.Attendance(1105108983166400).leaveReason]
 |  +-BasicFetch [com.hrm.models.Attendance(1105108983166400).leaveType]
 |  +-BasicFetch [com.hrm.models.Attendance(1105108983166400).month]
 |  +-BasicFetch [com.hrm.models.Attendance(1105108983166400).monthlyAppliedHoursForBilling]
 |  +-BasicFetch [com.hrm.models.Attendance(1105108983166400).monthlyApprovedHoursForBilling]
 |  +-BasicFetch [com.hrm.models.Attendance(1105108983166400).monthlyLossOfPayDays]
 |  +-BasicFetch [com.hrm.models.Attendance(1105108983166400).monthlyPresentDays]
 |  +-BasicFetch [com.hrm.models.Attendance(1105108983166400).otherHours]
 |  +-BasicFetch [com.hrm.models.Attendance(1105108983166400).outTime]
 |  +-BasicFetch [com.hrm.models.Attendance(1105108983166400).productionHours]
 |  +-BasicFetch [com.hrm.models.Attendance(1105108983166400).projectId]
 |  +-BasicFetch [com.hrm.models.Attendance(1105108983166400).regularisationReason]
 |  +-BasicFetch [com.hrm.models.Attendance(1105108983166400).regularisationRequestHours]
 |  +-BasicFetch [com.hrm.models.Attendance(1105108983166400).regularizedHours]
 |  +-BasicFetch [com.hrm.models.Attendance(1105108983166400).remarks]
 |  +-BasicFetch [com.hrm.models.Attendance(1105108983166400).startDate]
 |  +-BasicFetch [com.hrm.models.Attendance(1105108983166400).status]
 |  +-BasicFetch [com.hrm.models.Attendance(1105108983166400).totalHours]
 |  \-BasicFetch [com.hrm.models.Attendance(1105108983166400).workHrs]

2024-05-08 12:40:59 DEBUG org.hibernate.orm.sql.ast.tree - SQL AST Tree:
    SelectStatement {
      FromClause {
        StandardTableGroup (a1 : com.hrm.models.Attendance(1105108983166400)) {
          primaryTableReference : attendance as a1_0
        }
      }
    }

2024-05-08 12:40:59 DEBUG org.hibernate.orm.sql.exec - Skipping reading Query result cache data: cache-enabled = false, cache-mode = NORMAL
2024-05-08 12:40:59 DEBUG org.hibernate.orm.results - Initializer list
2024-05-08 12:40:59 DEBUG org.hibernate.orm.results -     com.hrm.models.Attendance(1105108983166400) -> EntityResultInitializer(com.hrm.models.Attendance(1105108983166400))@296958297 (SingleTableEntityPersister(com.hrm.models.Attendance))
2024-05-08 12:40:59 DEBUG org.hibernate.SQL - 
    select
        a1_0.id,
        a1_0.applied_hrs_for_billing,
        a1_0.approved_hrs_for_billing,
        a1_0.attendance_status,
        a1_0.date,
        a1_0.employee_id,
        a1_0.end_date,
        a1_0.half1,
        a1_0.half2,
        a1_0.in_time,
        a1_0.leave_reason,
        a1_0.leave_type,
        a1_0.month,
        a1_0.monthly_applied_hours_for_billing,
        a1_0.monthly_approved_hours_for_billing,
        a1_0.monthly_loss_of_pay_days,
        a1_0.monthly_present_days,
        a1_0.other_hours,
        a1_0.out_time,
        a1_0.production_hours,
        a1_0.project_id,
        a1_0.regularisation_reason,
        a1_0.regularisation_request_hours,
        a1_0.regularized_hours,
        a1_0.remarks,
        a1_0.start_date,
        a1_0.status,
        a1_0.total_hours,
        a1_0.work_hrs 
    from
        attendance a1_0 
    where
        a1_0.date=?
2024-05-08 12:41:24 DEBUG com.zaxxer.hikari.pool.HikariPool - HikariPool-1 - Pool stats (total=10, active=0, idle=10, waiting=0)
2024-05-08 12:41:24 DEBUG com.zaxxer.hikari.pool.HikariPool - HikariPool-1 - Fill pool skipped, pool has sufficient level or currently being filled (queueDepth=0).
